// Vitest Snapshot v1, https://vitest.dev/guide/snapshot.html

exports[`Returns default permissions 1`] = `
{
  "admin": {
    "extends": "user",
    "permissions": [
      {
        "action": "read:any",
        "attributes": "*",
        "resource": "apikey",
      },
      {
        "action": "read:any",
        "attributes": "*",
        "resource": "array",
      },
      {
        "action": "read:any",
        "attributes": "*",
        "resource": "cpu",
      },
      {
        "action": "read:any",
        "attributes": "*",
        "resource": "crash-reporting-enabled",
      },
      {
        "action": "read:any",
        "attributes": "*",
        "resource": "device",
      },
      {
        "action": "read:any",
        "attributes": "*",
        "resource": "device/unassigned",
      },
      {
        "action": "read:any",
        "attributes": "*",
        "resource": "disk",
      },
      {
        "action": "read:any",
        "attributes": "*",
        "resource": "disk/settings",
      },
      {
        "action": "read:any",
        "attributes": "*",
        "resource": "display",
      },
      {
        "action": "read:any",
        "attributes": "*",
        "resource": "docker/container",
      },
      {
        "action": "read:any",
        "attributes": "*",
        "resource": "docker/network",
      },
      {
        "action": "read:any",
        "attributes": "*",
        "resource": "flash",
      },
      {
        "action": "read:any",
        "attributes": "*",
        "resource": "info",
      },
      {
        "action": "read:any",
        "attributes": "*",
        "resource": "license-key",
      },
      {
        "action": "read:any",
        "attributes": "*",
        "resource": "machine-id",
      },
      {
        "action": "read:any",
        "attributes": "*",
        "resource": "memory",
      },
      {
        "action": "read:any",
        "attributes": "*",
        "resource": "notifications",
      },
      {
        "action": "read:any",
        "attributes": "*",
        "resource": "online",
      },
      {
        "action": "read:any",
        "attributes": "*",
        "resource": "os",
      },
      {
        "action": "read:any",
        "attributes": "*",
        "resource": "owner",
      },
      {
        "action": "read:any",
        "attributes": "*",
        "resource": "parity-history",
      },
      {
        "action": "read:any",
        "attributes": "*",
        "resource": "permission",
      },
      {
        "action": "read:any",
        "attributes": "*",
        "resource": "registration",
      },
      {
        "action": "read:any",
        "attributes": "*",
        "resource": "servers",
      },
      {
        "action": "read:any",
        "attributes": "*",
        "resource": "service",
      },
      {
        "action": "read:any",
        "attributes": "*",
        "resource": "service/emhttpd",
      },
      {
        "action": "read:any",
        "attributes": "*",
        "resource": "service/unraid-api",
      },
      {
        "action": "read:any",
        "attributes": "*",
        "resource": "services",
      },
      {
        "action": "read:any",
        "attributes": "*",
        "resource": "share",
      },
      {
        "action": "read:any",
        "attributes": "*",
        "resource": "software-versions",
      },
      {
        "action": "read:any",
        "attributes": "*",
        "resource": "unraid-version",
      },
      {
        "action": "read:any",
        "attributes": "*",
        "resource": "uptime",
      },
      {
        "action": "read:any",
        "attributes": "*",
        "resource": "user",
      },
      {
        "action": "read:any",
        "attributes": "*",
        "resource": "vars",
      },
      {
        "action": "read:any",
        "attributes": "*",
        "resource": "vms",
      },
      {
        "action": "read:any",
        "attributes": "*",
        "resource": "vms/domain",
      },
      {
        "action": "read:any",
        "attributes": "*",
        "resource": "vms/network",
      },
    ],
  },
  "guest": {
    "permissions": [
      {
        "action": "read:any",
        "attributes": "*",
        "resource": "me",
      },
      {
        "action": "read:any",
        "attributes": "*",
        "resource": "welcome",
      },
    ],
  },
  "my_servers": {
    "extends": "guest",
    "permissions": [
      {
        "action": "read:any",
        "attributes": "*",
        "resource": "dashboard",
      },
      {
        "action": "read:own",
        "attributes": "*",
        "resource": "two-factor",
      },
      {
        "action": "read:any",
        "attributes": "*",
        "resource": "array",
      },
      {
        "action": "read:any",
        "attributes": "*",
        "resource": "docker/container",
      },
      {
        "action": "read:any",
        "attributes": "*",
        "resource": "docker/network",
      },
      {
        "action": "read:any",
        "attributes": "*",
        "resource": "notifications",
      },
      {
        "action": "read:any",
        "attributes": "*",
        "resource": "vms/domain",
      },
      {
        "action": "read:any",
        "attributes": "*",
        "resource": "unraid-version",
      },
    ],
  },
  "notifier": {
    "extends": "guest",
    "permissions": [
      {
        "action": "create:own",
        "attributes": "*",
        "resource": "notifications",
      },
    ],
  },
  "upc": {
    "extends": "guest",
    "permissions": [
      {
        "action": "read:own",
        "attributes": "*",
        "resource": "apikey",
      },
      {
        "action": "read:own",
        "attributes": "*",
        "resource": "cloud",
      },
      {
        "action": "read:any",
        "attributes": "*",
        "resource": "config",
      },
      {
        "action": "read:any",
        "attributes": "*",
        "resource": "crash-reporting-enabled",
      },
      {
        "action": "read:any",
        "attributes": "*",
        "resource": "disk",
      },
      {
        "action": "read:any",
        "attributes": "*",
        "resource": "display",
      },
      {
        "action": "read:any",
        "attributes": "*",
        "resource": "flash",
      },
      {
        "action": "read:any",
        "attributes": "*",
        "resource": "os",
      },
      {
        "action": "read:any",
        "attributes": "*",
        "resource": "owner",
      },
      {
        "action": "read:any",
        "attributes": "*",
        "resource": "permission",
      },
      {
        "action": "read:any",
        "attributes": "*",
        "resource": "registration",
      },
      {
        "action": "read:any",
        "attributes": "*",
        "resource": "servers",
      },
      {
        "action": "read:any",
        "attributes": "*",
        "resource": "vars",
      },
    ],
  },
  "user": {
    "extends": "guest",
    "permissions": [
      {
        "action": "read:own",
        "attributes": "*",
        "resource": "apikey",
      },
      {
        "action": "read:any",
        "attributes": "*",
        "resource": "permission",
      },
    ],
  },
}
`;
