// Vitest Snapshot v1, https://vitest.dev/guide/snapshot.html

exports[`Returns parsed state file 1`] = `
{
  "certificateName": "*.thisisfourtyrandomcharacters012345678900.myunraid.net",
  "certificatePath": "/boot/config/ssl/certs/certificate_bundle.pem",
  "defaultUrl": "https://Tower.local:4443",
  "fqdnUrls": [
    {
      "fqdn": "192-168-1-150.thisisfourtyrandomcharacters012345678900.myunraid.net",
      "id": null,
      "interface": "LAN",
      "isIpv6": false,
    },
    {
      "fqdn": "85-121-123-122.thisisfourtyrandomcharacters012345678900.myunraid.net",
      "id": null,
      "interface": "WAN",
      "isIpv6": false,
    },
    {
      "fqdn": "10-252-0-1.hash.myunraid.net",
      "id": 0,
      "interface": "WG",
      "isIpv6": false,
    },
    {
      "fqdn": "10-252-1-1.hash.myunraid.net",
      "id": 1,
      "interface": "WG",
      "isIpv6": false,
    },
    {
      "fqdn": "10-253-3-1.hash.myunraid.net",
      "id": 2,
      "interface": "WG",
      "isIpv6": false,
    },
    {
      "fqdn": "10-253-4-1.hash.myunraid.net",
      "id": 3,
      "interface": "WG",
      "isIpv6": false,
    },
    {
      "fqdn": "10-253-5-1.hash.myunraid.net",
      "id": 4,
      "interface": "WG",
      "isIpv6": false,
    },
    {
      "fqdn": "10-100-0-1.hash.myunraid.net",
      "id": 0,
      "interface": "TAILSCALE",
      "isIpv6": false,
    },
    {
      "fqdn": "10-100-0-2.hash.myunraid.net",
      "id": 1,
      "interface": "TAILSCALE",
      "isIpv6": false,
    },
    {
      "fqdn": "10-123-1-2.hash.myunraid.net",
      "id": 0,
      "interface": "CUSTOM",
      "isIpv6": false,
    },
    {
      "fqdn": "221-123-121-112.hash.myunraid.net",
      "id": 1,
      "interface": "CUSTOM",
      "isIpv6": true,
    },
  ],
  "httpPort": 8080,
  "httpsPort": 4443,
  "lanIp": "192.168.1.150",
  "lanIp6": "",
  "lanMdns": "Tower.local",
  "lanName": "Tower",
  "sslEnabled": true,
  "sslMode": "yes",
  "wanAccessEnabled": false,
  "wanIp": "",
}
`;
